2026-09-02T18:41:02.335+02:00  INFO 10308 --- [main] c.terresana.backend.BackendApplication   : Starting BackendApplication using Java 21.0.11 with PID 10308 (C:\Users\alain\Desktop\terra-sana-website\backend\target\classes started by alain in C:\Users\alain\Desktop\terra-sana-website\backend)
2026-09-02T18:41:02.347+02:00 DEBUG 10308 --- [main] c.terresana.backend.BackendApplication   : Running with Spring Boot v3.5.13, Spring v6.2.17
2026-09-02T18:41:02.350+02:00  INFO 10308 --- [main] c.terresana.backend.BackendApplication   : No active profile set, falling back to 1 default profile: "default"
2026-09-02T18:41:03.708+02:00  INFO 10308 --- [main] .s.d.r.c.RepositoryConfigurationDelegate : Bootstrapping Spring Data JPA repositories in DEFAULT mode.
2026-09-02T18:41:03.869+02:00  INFO 10308 --- [main] .s.d.r.c.RepositoryConfigurationDelegate : Finished Spring Data repository scanning in 141 ms. Found 8 JPA repository interfaces.
2026-09-02T18:41:04.964+02:00  INFO 10308 --- [main] o.s.b.w.embedded.tomcat.TomcatWebServer  : Tomcat initialized with port 8080 (http)
2026-09-02T18:41:04.993+02:00  INFO 10308 --- [main] o.apache.catalina.core.StandardService   : Starting service [Tomcat]
2026-09-02T18:41:04.994+02:00  INFO 10308 --- [main] o.apache.catalina.core.StandardEngine    : Starting Servlet engine: [Apache Tomcat/10.1.53]
2026-09-02T18:41:05.123+02:00  INFO 10308 --- [main] o.a.c.c.C.[Tomcat].[localhost].[/]       : Initializing Spring embedded WebApplicationContext
2026-09-02T18:41:05.124+02:00  INFO 10308 --- [main] w.s.c.ServletWebServerApplicationContext : Root WebApplicationContext: initialization completed in 2684 ms
2026-09-02T18:41:05.222+02:00 DEBUG 10308 --- [main] com.terresana.backend.config.JwtFilter   : Filter 'jwtFilter' configured for use
2026-09-02T18:41:05.457+02:00  INFO 10308 --- [main] o.hibernate.jpa.internal.util.LogHelper  : HHH000204: Processing PersistenceUnitInfo [name: default]
2026-09-02T18:41:05.570+02:00  INFO 10308 --- [main] org.hibernate.Version                    : HHH000412: Hibernate ORM core version 6.6.45.Final
2026-09-02T18:41:05.646+02:00  INFO 10308 --- [main] o.h.c.internal.RegionFactoryInitiator    : HHH000026: Second-level cache disabled
2026-09-02T18:41:06.210+02:00  INFO 10308 --- [main] o.s.o.j.p.SpringPersistenceUnitInfo      : No LoadTimeWeaver setup: ignoring JPA class transformer
2026-09-02T18:41:06.272+02:00  INFO 10308 --- [main] com.zaxxer.hikari.HikariDataSource       : HikariPool-1 - Starting...
2026-09-02T18:41:06.907+02:00  INFO 10308 --- [main] com.zaxxer.hikari.pool.HikariPool        : HikariPool-1 - Added connection com.mysql.cj.jdbc.ConnectionImpl@5310e451
2026-09-02T18:41:06.910+02:00  INFO 10308 --- [main] com.zaxxer.hikari.HikariDataSource       : HikariPool-1 - Start completed.
2026-09-02T18:41:06.993+02:00  WARN 10308 --- [main] org.hibernate.orm.deprecation            : HHH90000025: MySQL8Dialect does not need to be specified explicitly using 'hibernate.dialect' (remove the property setting and it will be selected by default)
2026-09-02T18:41:06.995+02:00  WARN 10308 --- [main] org.hibernate.orm.deprecation            : HHH90000026: MySQL8Dialect has been deprecated; use org.hibernate.dialect.MySQLDialect instead
2026-09-02T18:41:07.031+02:00  INFO 10308 --- [main] org.hibernate.orm.connections.pooling    : HHH10001005: Database info:
	Database JDBC URL [Connecting through datasource 'HikariDataSource (HikariPool-1)']
	Database driver: undefined/unknown
	Database version: 8.0
	Autocommit mode: undefined/unknown
	Isolation level: undefined/unknown
	Minimum pool size: undefined/unknown
	Maximum pool size: undefined/unknown
2026-09-02T18:41:08.836+02:00  INFO 10308 --- [main] o.h.e.t.j.p.i.JtaPlatformInitiator       : HHH000489: No JTA platform available (set 'hibernate.transaction.jta.platform' to enable JTA platform integration)
2026-09-02T18:41:09.063+02:00  INFO 10308 --- [main] j.LocalContainerEntityManagerFactoryBean : Initialized JPA EntityManagerFactory for persistence unit 'default'
2026-09-02T18:41:09.992+02:00  WARN 10308 --- [main] JpaBaseConfiguration$JpaWebConfiguration : spring.jpa.open-in-view is enabled by default. Therefore, database queries may be performed during view rendering. Explicitly configure spring.jpa.open-in-view to disable this warning
2026-09-02T18:41:10.059+02:00  WARN 10308 --- [main] .s.s.UserDetailsServiceAutoConfiguration : 

Using generated security password: e1803bf0-2cdd-4682-a3cd-6d498a00b106

This generated password is for development use only. Your security configuration must be updated before running your application in production.

2026-09-02T18:41:10.076+02:00  INFO 10308 --- [main] r$InitializeUserDetailsManagerConfigurer : Global AuthenticationManager configured with UserDetailsService bean with name inMemoryUserDetailsManager
2026-09-02T18:41:11.030+02:00  INFO 10308 --- [main] o.s.b.w.embedded.tomcat.TomcatWebServer  : Tomcat started on port 8080 (http) with context path '/'
2026-09-02T18:41:11.047+02:00  INFO 10308 --- [main] c.terresana.backend.BackendApplication   : Started BackendApplication in 9.652 seconds (process running for 10.349)
2026-09-02T18:43:20.989+02:00  INFO 10308 --- [http-nio-8080-exec-1] o.a.c.c.C.[Tomcat].[localhost].[/]       : Initializing Spring DispatcherServlet 'dispatcherServlet'
2026-09-02T18:43:20.990+02:00  INFO 10308 --- [http-nio-8080-exec-1] o.s.web.servlet.DispatcherServlet        : Initializing Servlet 'dispatcherServlet'
2026-09-02T18:43:20.992+02:00  INFO 10308 --- [http-nio-8080-exec-1] o.s.web.servlet.DispatcherServlet        : Completed initialization in 1 ms
